2022/03/22 11:42:59 Start.
2022/03/22 11:42:59  ===> loop begin.
gc 1 @0.000s 1%: 0.003+0.29+0.002 ms clock, 0.031+0/0.15/0.080+0.026 ms cpu, 4->5->2 MB, 5 MB goal, 10 P
gc 2 @0.001s 3%: 0.009+0.45+0.009 ms clock, 0.094+0/0.23/0.058+0.092 ms cpu, 4->6->3 MB, 5 MB goal, 10 P
gc 3 @0.001s 4%: 0.003+0.43+0.001 ms clock, 0.039+0/0.43/0.061+0.012 ms cpu, 8->8->2 MB, 9 MB goal, 10 P
gc 4 @0.002s 5%: 0.017+0.15+0.001 ms clock, 0.17+0/0.15/0.050+0.017 ms cpu, 6->6->3 MB, 7 MB goal, 10 P
gc 5 @0.002s 5%: 0.016+0.28+0.006 ms clock, 0.16+0/0.070/0.25+0.065 ms cpu, 8->8->4 MB, 9 MB goal, 10 P
gc 6 @0.003s 5%: 0.020+1.8+0.006 ms clock, 0.20+0/0.76/0.062+0.068 ms cpu, 10->17->12 MB, 11 MB goal, 10 P
gc 7 @0.005s 4%: 0.022+1.2+0.002 ms clock, 0.22+0/0.076/1.1+0.024 ms cpu, 21->21->8 MB, 25 MB goal, 10 P
gc 8 @0.006s 5%: 0.017+0.64+0.001 ms clock, 0.17+0/0.62/0.093+0.015 ms cpu, 19->19->10 MB, 20 MB goal, 10 P
gc 9 @0.007s 4%: 0.016+2.4+0.009 ms clock, 0.16+0/0.064/0.57+0.090 ms cpu, 24->41->30 MB, 25 MB goal, 10 P
gc 10 @0.010s 3%: 0.014+2.8+0.002 ms clock, 0.14+0/0.094/2.7+0.022 ms cpu, 51->51->21 MB, 61 MB goal, 10 P
gc 11 @0.013s 4%: 0.015+1.4+0.024 ms clock, 0.15+0/1.3/0.046+0.24 ms cpu, 47->47->26 MB, 48 MB goal, 10 P
gc 12 @0.015s 3%: 0.021+6.4+0.005 ms clock, 0.21+0/0.074/1.3+0.059 ms cpu, 59->101->74 MB, 60 MB goal, 10 P
gc 13 @0.022s 4%: 0.018+6.6+0.002 ms clock, 0.18+0/6.6/0.11+0.025 ms cpu, 126->126->51 MB, 149 MB goal, 10 P
gc 14 @0.029s 3%: 0.014+12+0.13 ms clock, 0.14+0/0.052/3.0+1.3 ms cpu, 116->197->145 MB, 117 MB goal, 10 P
gc 15 @0.042s 5%: 0.021+13+0.002 ms clock, 0.21+0/13/0.098+0.027 ms cpu, 246->246->101 MB, 291 MB goal, 10 P
gc 16 @0.057s 4%: 0.017+24+0.007 ms clock, 0.17+0/5.6/0.047+0.072 ms cpu, 227->385->284 MB, 228 MB goal, 10 P
gc 17 @0.087s 4%: 0.019+8.2+0.006 ms clock, 0.19+0/8.0/0.079+0.062 ms cpu, 481->481->355 MB, 568 MB goal, 10 P
2022/03/22 11:42:59  ===> loop end.
2022/03/22 11:42:59 force gc.
gc 18 @2022/03/22 11:42:59 Done.
0.126